cargo : warning: function 
`describe_node_event` is never used
At line:1 char:1
+ cargo test --features serialize 
> test.log 2>&1
+ ~~~~~~~~~~~~~~~~~~~~~~~~~~~~~~~~~
~~~~~~~~~~~~~~
    + CategoryInfo          : NotS 
   pecified: (warning: functi...`  
   is never used:String) [], Rem   
 oteException
    + FullyQualifiedErrorId : Nati 
   veCommandError
 
   --> src\api.rs:314:4
    |
314 | fn describe_node_event(ne: 
&crate::node::NodeEvent) -> String 
{
    |    ^^^^^^^^^^^^^^^^^^^
    |
    = note: `#[warn(dead_code)]` 
on by default

warning: `helios` (lib) generated 
1 warning
warning: `helios` (lib test) 
generated 1 warning (1 duplicate)
    Finished `test` profile 
[unoptimized + debuginfo] 
target(s) in 0.04s
     Running unittests src\lib.rs (
target\debug\deps\helios-cd83d9d1e2
e5415a.exe)

running 94 tests
test api::tests::test_api_run ... ok
test api::tests::test_api_run_steps ... ok
test api::tests::test_api_step_by_step ... ok
test api::tests::test_api_event_log_json ... ok
test api::tests::test_api_state_json ... ok
test api::tests::test_api_fork ... ok
test api::tests::test_api_trace_json ... FAILED
test dsl::tests::test_builder_basic ... ok
test api::tests::test_api_snapshot_json ... ok
test dsl::tests::test_builder_crash_and_recover ... ok
test dsl::tests::test_builder_multi_node ... ok
test dsl::tests::test_builder_node_with_factory ... ok
test dsl::tests::test_builder_partition_and_heal ... ok
test dsl::tests::test_builder_run_shorthand ... ok
test dsl::tests::test_builder_with_logging ... ok
test dsl::tests::test_builder_with_network ... ok
test dsl::tests::test_full_dsl_pipeline ... ok
test dsl::tests::test_scenario_combined_faults ... ok
test dsl::tests::test_scenario_crash_violation ... ok
test dsl::tests::test_scenario_max_branches ... ok
test dsl::tests::test_scenario_no_violations ... ok
test error::tests::test_error_display_log_corrupted ... ok
test error::tests::test_error_display_node_not_found ... ok
test error::tests::test_error_display_non_causal ... ok
test error::tests::test_error_is_std_error ... ok
test error::tests::test_helios_result_err ... ok
test error::tests::test_helios_result_ok ... ok
test event::tests::test_event_display ... ok
test event::tests::test_event_id_monotonic ... ok
test event::tests::test_event_ordering_by_time ... ok
test event::tests::test_event_ordering_tiebreak_by_id ... ok
test eventlog::tests::test_checkpoint_serialization ... ok
test eventlog::tests::test_hash_determinism ... ok
test eventlog::tests::test_hex_roundtrip ... ok
test eventlog::tests::test_checkpoint_state_validation ... ok
test eventlog::tests::test_event_roundtrip ... ok
test eventlog::tests::test_log_hash_determinism ... ok
test eventlog::tests::test_live_vs_replay_log_hash ... ok
test eventlog::tests::test_payload_roundtrip ... ok
test eventlog::tests::test_should_checkpoint ... ok
test explorer::tests::test_cartesian_product ... ok
test explorer::tests::test_crash_before_message_violates_property ... ok
test explorer::tests::test_multi_choice ... ok
test explorer::tests::test_multiple_properties ... ok
test explorer::tests::test_no_choices_runs_base ... ok
test explorer::tests::test_property_violation_detected ... ok
test explorer::tests::test_single_binary_choice ... ok
test network::tests::test_deterministic_drop_decisions ... ok
test network::tests::test_deterministic_latency_with_jitter ... ok
test network::tests::test_one_way_partition ... ok
test network::tests::test_jitter_variation ... ok
test explorer::tests::test_max_branches_limit ... ok
test network::tests::test_drop_probability ... ok
test network::tests::test_partition_drops_messages ... ok
test network::tests::test_partition_heal ... ok
test network::tests::test_reliable_network ... ok
test network::tests::test_rng_determinism ... ok
test network::tests::test_rng_different_seeds_differ ... ok
test network::tests::test_rng_f64_range ... ok
test network::tests::test_rng_range ... ok
test node::tests::test_crash_drops_messages ... ok
test node::tests::test_crash_and_recover ... ok
test node::tests::test_deterministic_three_node_replay ... ok
test node::tests::test_dynamic_partition_and_heal ... ok
test node::tests::test_echo_round_trip ... ok
test node::tests::test_fork_basic ... ok
test node::tests::test_fork_divergent_execution ... ok
test node::tests::test_fork_log_hash_divergence ... ok
test node::tests::test_network_partition_blocks_messages ... ok
test node::tests::test_fork_with_network ... ok
test node::tests::test_send_through_network ... ok
test node::tests::test_network_reproducibility ... ok
test node::tests::test_three_node_simulation ... ok
test node::tests::test_timer_fires ... ok
test scheduler::tests::test_determinism_across_runs ... ok
test scheduler::tests::test_empty_scheduler ... ok
test scheduler::tests::test_fifo_at_same_time ... ok
test scheduler::tests::test_mixed_ordering ... ok
test scheduler::tests::test_time_ordering ... ok
test simulation::tests::test_basic_execution_loop ... ok
test simulation::tests::test_cascade_scheduling ... ok
test simulation::tests::test_deterministic_replay ... ok
test simulation::tests::test_empty_simulation ... ok
test simulation::tests::test_handler_schedules_followup ... ok
test simulation::tests::test_run_for_limits_steps ... ok
test simulation::tests::test_step_by_step ... ok
test simulation::tests::test_time_monotonicity ... ok
test time::tests::test_advance ... ok
test time::tests::test_advance_overflow ... ok
test time::tests::test_display ... ok
test time::tests::test_duration_since ... ok
test time::tests::test_ordering ... ok
test time::tests::test_equality ... ok
test time::tests::test_zero ... ok

failures:

---- api::tests::test_api_trace_json stdout ----
thread 'api::tests::test_api_trace_json' panicked at src\api.rs:418:9:
assertion failed: json.contains("\"type\": \"Message(from=N0)\"")
note: run with `RUST_BACKTRACE=1` environment variable to display a backtrace


failures:
    api::tests::test_api_trace_json

test result: FAILED. 93 passed; 1 failed; 0 ignored; 0 measured; 0 filtered out; finished in 0.01s

error: test failed, to rerun pass 
`--lib`
